// Vitest Snapshot v1, https://vitest.dev/guide/snapshot.html

exports[`DoNotRepeatStaff 1`] = `[MockFunction spy]`;
