// Vitest Snapshot v1, https://vitest.dev/guide/snapshot.html

exports[`staff > staff:依赖重复注入 2`] = `0`;
