// Vitest Snapshot v1, https://vitest.dev/guide/snapshot.html

exports[`createCommendList > createCommendList4 1`] = `
[
  [
    "ROLLUP_BUILD_INPUT:src\\\\index.ts",
    "ROLLUP_BUILD_FORMAT:cjs",
    "ROLLUP_BUILD_PROD:true",
    "ROLLUP_BUILD_OUTPUT:dist\\\\dist.cjs.prod.js",
    "ROLLUP_BUILD_NAME:Dist",
    "ROLLUP_BUILD_PACKAGE_PATH:",
    "ROLLUP_BUILD_DECLARATION:true",
  ],
  [
    "ROLLUP_BUILD_INPUT:src\\\\index.ts",
    "ROLLUP_BUILD_FORMAT:esm",
    "ROLLUP_BUILD_PROD:true",
    "ROLLUP_BUILD_OUTPUT:dist\\\\dist.esm.prod.js",
    "ROLLUP_BUILD_NAME:Dist",
    "ROLLUP_BUILD_PACKAGE_PATH:",
    "ROLLUP_BUILD_DECLARATION:true",
  ],
  [
    "ROLLUP_BUILD_INPUT:src\\\\index.ts",
    "ROLLUP_BUILD_FORMAT:iife",
    "ROLLUP_BUILD_PROD:true",
    "ROLLUP_BUILD_OUTPUT:dist\\\\dist.iife.prod.js",
    "ROLLUP_BUILD_NAME:Dist",
    "ROLLUP_BUILD_PACKAGE_PATH:",
    "ROLLUP_BUILD_DECLARATION:true",
  ],
  [
    "ROLLUP_BUILD_INPUT:src\\\\index.ts",
    "ROLLUP_BUILD_FORMAT:cjs",
    "ROLLUP_BUILD_PROD:false",
    "ROLLUP_BUILD_OUTPUT:dist\\\\dist.cjs.js",
    "ROLLUP_BUILD_NAME:Dist",
    "ROLLUP_BUILD_PACKAGE_PATH:",
    "ROLLUP_BUILD_DECLARATION:true",
  ],
  [
    "ROLLUP_BUILD_INPUT:src\\\\index.ts",
    "ROLLUP_BUILD_FORMAT:esm",
    "ROLLUP_BUILD_PROD:false",
    "ROLLUP_BUILD_OUTPUT:dist\\\\dist.esm.js",
    "ROLLUP_BUILD_NAME:Dist",
    "ROLLUP_BUILD_PACKAGE_PATH:",
    "ROLLUP_BUILD_DECLARATION:true",
  ],
  [
    "ROLLUP_BUILD_INPUT:src\\\\index.ts",
    "ROLLUP_BUILD_FORMAT:iife",
    "ROLLUP_BUILD_PROD:false",
    "ROLLUP_BUILD_OUTPUT:dist\\\\dist.iife.js",
    "ROLLUP_BUILD_NAME:Dist",
    "ROLLUP_BUILD_PACKAGE_PATH:",
    "ROLLUP_BUILD_DECLARATION:true",
  ],
]
`;
