// Vitest Snapshot v1

exports[`createDynamicColor 1`] = `"rgb(127.5,127.5,255)"`;

exports[`createDynamicRelativeValue 1`] = `0.5`;
